// Jest Snapshot v1, https://goo.gl/fbAQLP

exports[`<Footer /> renders the <Footer /> with populated data 1`] = `
<div
  class="footer__Container-sc-6y249f-0 coGndj"
>
  <p
    class="footer__Title-sc-6y249f-4 jZRHmz"
  >
    Questions? Contact Us
  </p>
  <p
    class="footer__Break-sc-6y249f-6 cbEVVW"
  />
  <div
    class="footer__Row-sc-6y249f-2 fGULcB"
  >
    <div
      class="footer__Column-sc-6y249f-1 dkoXmQ"
    >
      <a
        class="footer__Link-sc-6y249f-3 iiJnBP"
        href="#"
      >
        FAQ
      </a>
      <a
        class="footer__Link-sc-6y249f-3 iiJnBP"
        href="#"
      >
        Investor Relations
      </a>
      <a
        class="footer__Link-sc-6y249f-3 iiJnBP"
        href="#"
      >
        Ways to Watch
      </a>
      <a
        class="footer__Link-sc-6y249f-3 iiJnBP"
        href="#"
      >
        Coporate information
      </a>
      <a
        class="footer__Link-sc-6y249f-3 iiJnBP"
        href="#"
      >
        Netflix Originals
      </a>
    </div>
    <div
      class="footer__Column-sc-6y249f-1 dkoXmQ"
    >
      <a
        class="footer__Link-sc-6y249f-3 iiJnBP"
        href="#"
      >
        Help Center
      </a>
      <a
        class="footer__Link-sc-6y249f-3 iiJnBP"
        href="#"
      >
        Jobs
      </a>
      <a
        class="footer__Link-sc-6y249f-3 iiJnBP"
        href="#"
      >
        Terms of Use
      </a>
      <a
        class="footer__Link-sc-6y249f-3 iiJnBP"
        href="#"
      >
        Contact Us
      </a>
    </div>
    <div
      class="footer__Column-sc-6y249f-1 dkoXmQ"
    >
      <a
        class="footer__Link-sc-6y249f-3 iiJnBP"
        href="#"
      >
        Account
      </a>
      <a
        class="footer__Link-sc-6y249f-3 iiJnBP"
        href="#"
      >
        Redeem Gifts
      </a>
      <a
        class="footer__Link-sc-6y249f-3 iiJnBP"
        href="#"
      >
        Privacy
      </a>
      <a
        class="footer__Link-sc-6y249f-3 iiJnBP"
        href="#"
      >
        Speed Test
      </a>
    </div>
    <div
      class="footer__Column-sc-6y249f-1 dkoXmQ"
    >
      <a
        class="footer__Link-sc-6y249f-3 iiJnBP"
        href="#"
      >
        Media Center
      </a>
      <a
        class="footer__Link-sc-6y249f-3 iiJnBP"
        href="#"
      >
        Buy Gift Cards
      </a>
      <a
        class="footer__Link-sc-6y249f-3 iiJnBP"
        href="#"
      >
        Cookie Preferences
      </a>
      <a
        class="footer__Link-sc-6y249f-3 iiJnBP"
        href="#"
      >
        Legal Notices
      </a>
    </div>
  </div>
  <p
    class="footer__Break-sc-6y249f-6 cbEVVW"
  />
  <p
    class="footer__Text-sc-6y249f-5 eHXXrY"
  >
    Netflix United kingdom
  </p>
</div>
`;
